<?xml version="1.0" encoding="utf-8"?>
<?AutomationStudio Version="4.5.2.102"?>
<Objects>
  <Object
    Path="A:\as\GANVO\Logical\Package.pkg"
    LogicalPath=""
    Type="Package.ParentUnknown"
    LastWriteTime="132766995280000000" />
  <Object
    Path="A:\as\GANVO\Logical\Global.typ"
    LogicalPath="Global.typ"
    Type="File"
    LastWriteTime="132773934480000000"
    Private="false" />
  <Object
    Path="A:\as\GANVO\Logical\Global.var"
    LogicalPath="Global.var"
    Type="File"
    LastWriteTime="132773934480000000"
    Private="false" />
  <Object
    Path="A:\as\GANVO\Logical\Libraries\Package.pkg"
    LogicalPath="Libraries"
    Type="Package"
    LastWriteTime="132766995500000000" />
  <Object
    Path="A:\as\GANVO\Logical\Libraries\operator\binary.lby"
    LogicalPath="Libraries.operator"
    Type="Library"
    LastWriteTime="132761805180000000" />
  <Object
    Path="A:\as\GANVO\Logical\Libraries\operator\operator.fun"
    LogicalPath="Libraries.operator.operator.fun"
    Type="File"
    LastWriteTime="132761805180000000"
    Private="false" />
  <Object
    Path="A:\as\GANVO\Logical\Libraries\operator\operator.typ"
    LogicalPath="Libraries.operator.operator.typ"
    Type="File"
    LastWriteTime="132761805180000000"
    Private="false" />
  <Object
    Path="A:\as\GANVO\Logical\Libraries\operator\operator.var"
    LogicalPath="Libraries.operator.operator.var"
    Type="File"
    LastWriteTime="132761805180000000"
    Private="false" />
  <Object
    Path="A:\as\GANVO\Logical\Libraries\runtime\binary.lby"
    LogicalPath="Libraries.runtime"
    Type="Library"
    LastWriteTime="132761805180000000" />
  <Object
    Path="A:\as\GANVO\Logical\Libraries\runtime\runtime.fun"
    LogicalPath="Libraries.runtime.runtime.fun"
    Type="File"
    LastWriteTime="132761805180000000"
    Private="false" />
  <Object
    Path="A:\as\GANVO\Logical\Libraries\runtime\runtime.typ"
    LogicalPath="Libraries.runtime.runtime.typ"
    Type="File"
    LastWriteTime="132761805180000000"
    Private="false" />
  <Object
    Path="A:\as\GANVO\Logical\Libraries\runtime\runtime.var"
    LogicalPath="Libraries.runtime.runtime.var"
    Type="File"
    LastWriteTime="132761805180000000"
    Private="false" />
  <Object
    Path="A:\as\GANVO\Logical\Libraries\astime\binary.lby"
    LogicalPath="Libraries.astime"
    Type="Library"
    LastWriteTime="132761805180000000" />
  <Object
    Path="A:\as\GANVO\Logical\Libraries\astime\astime.fun"
    LogicalPath="Libraries.astime.astime.fun"
    Type="File"
    LastWriteTime="132761805180000000"
    Private="false" />
  <Object
    Path="A:\as\GANVO\Logical\Libraries\astime\astime.typ"
    LogicalPath="Libraries.astime.astime.typ"
    Type="File"
    LastWriteTime="132761805180000000"
    Private="false" />
  <Object
    Path="A:\as\GANVO\Logical\Libraries\astime\astime.var"
    LogicalPath="Libraries.astime.astime.var"
    Type="File"
    LastWriteTime="132761805180000000"
    Private="false" />
  <Object
    Path="A:\as\GANVO\Logical\Libraries\AsIecCon\binary.lby"
    LogicalPath="Libraries.AsIecCon"
    Type="Library"
    LastWriteTime="132761805180000000" />
  <Object
    Path="A:\as\GANVO\Logical\Libraries\AsIecCon\AsIecCon.fun"
    LogicalPath="Libraries.AsIecCon.AsIecCon.fun"
    Type="File"
    LastWriteTime="132761805180000000"
    Private="false" />
  <Object
    Path="A:\as\GANVO\Logical\Libraries\AsIecCon\AsIecCon.typ"
    LogicalPath="Libraries.AsIecCon.AsIecCon.typ"
    Type="File"
    LastWriteTime="132761805180000000"
    Private="false" />
  <Object
    Path="A:\as\GANVO\Logical\Libraries\AsIecCon\AsIecCon.var"
    LogicalPath="Libraries.AsIecCon.AsIecCon.var"
    Type="File"
    LastWriteTime="132761805180000000"
    Private="false" />
  <Object
    Path="A:\as\GANVO\Logical\Libraries\Acp10man\Binary.lby"
    LogicalPath="Libraries.Acp10man"
    Type="Library"
    LastWriteTime="132761806500000000" />
  <Object
    Path="A:\as\GANVO\Logical\Libraries\Acp10man\Acp10man.typ"
    LogicalPath="Libraries.Acp10man.Acp10man.typ"
    Type="File"
    LastWriteTime="132761806500000000"
    Private="false" />
  <Object
    Path="A:\as\GANVO\Logical\Libraries\Acp10par\Binary.lby"
    LogicalPath="Libraries.Acp10par"
    Type="Library"
    LastWriteTime="132761806500000000" />
  <Object
    Path="A:\as\GANVO\Logical\Libraries\Acp10par\Acp10par.var"
    LogicalPath="Libraries.Acp10par.Acp10par.var"
    Type="File"
    LastWriteTime="132761806500000000"
    Private="false" />
  <Object
    Path="A:\as\GANVO\Logical\Libraries\NcGlobal\Binary.lby"
    LogicalPath="Libraries.NcGlobal"
    Type="Library"
    LastWriteTime="132761806500000000" />
  <Object
    Path="A:\as\GANVO\Logical\Libraries\NcGlobal\NcGlobal.fun"
    LogicalPath="Libraries.NcGlobal.NcGlobal.fun"
    Type="File"
    LastWriteTime="132761806500000000"
    Private="false" />
  <Object
    Path="A:\as\GANVO\Logical\Libraries\NcGlobal\NcGlobal.typ"
    LogicalPath="Libraries.NcGlobal.NcGlobal.typ"
    Type="File"
    LastWriteTime="132761806500000000"
    Private="false" />
  <Object
    Path="A:\as\GANVO\Logical\Libraries\NcGlobal\NcGlobal.var"
    LogicalPath="Libraries.NcGlobal.NcGlobal.var"
    Type="File"
    LastWriteTime="132761806500000000"
    Private="false" />
  <Object
    Path="A:\as\GANVO\Logical\Libraries\Acp10sdc\binary.lby"
    LogicalPath="Libraries.Acp10sdc"
    Type="Library"
    LastWriteTime="132761806620000000" />
  <Object
    Path="A:\as\GANVO\Logical\Libraries\Acp10sdc\acp10sdc.var"
    LogicalPath="Libraries.Acp10sdc.acp10sdc.var"
    Type="File"
    LastWriteTime="132761806620000000"
    Private="false" />
  <Object
    Path="A:\as\GANVO\Logical\Libraries\Acp10sdc\acp10sdc.typ"
    LogicalPath="Libraries.Acp10sdc.acp10sdc.typ"
    Type="File"
    LastWriteTime="132761806620000000"
    Private="false" />
  <Object
    Path="A:\as\GANVO\Logical\Libraries\Arnc0man\binary.lby"
    LogicalPath="Libraries.Arnc0man"
    Type="Library"
    LastWriteTime="132761806620000000" />
  <Object
    Path="A:\as\GANVO\Logical\Libraries\Arnc0man\arnc0man.typ"
    LogicalPath="Libraries.Arnc0man.arnc0man.typ"
    Type="File"
    LastWriteTime="132761806620000000"
    Private="false" />
  <Object
    Path="A:\as\GANVO\Logical\Libraries\DataObj\binary.lby"
    LogicalPath="Libraries.DataObj"
    Type="Library"
    LastWriteTime="132761806640000000" />
  <Object
    Path="A:\as\GANVO\Logical\Libraries\DataObj\DataObj.fun"
    LogicalPath="Libraries.DataObj.DataObj.fun"
    Type="File"
    LastWriteTime="132761806640000000"
    Private="false" />
  <Object
    Path="A:\as\GANVO\Logical\Libraries\DataObj\DataObj.typ"
    LogicalPath="Libraries.DataObj.DataObj.typ"
    Type="File"
    LastWriteTime="132761806640000000"
    Private="false" />
  <Object
    Path="A:\as\GANVO\Logical\Libraries\DataObj\DataObj.var"
    LogicalPath="Libraries.DataObj.DataObj.var"
    Type="File"
    LastWriteTime="132761806640000000"
    Private="false" />
  <Object
    Path="A:\as\GANVO\Logical\Libraries\AsArLog\binary.lby"
    LogicalPath="Libraries.AsArLog"
    Type="Library"
    LastWriteTime="132761806640000000" />
  <Object
    Path="A:\as\GANVO\Logical\Libraries\AsArLog\AsArLog.fun"
    LogicalPath="Libraries.AsArLog.AsArLog.fun"
    Type="File"
    LastWriteTime="132761806640000000"
    Private="false" />
  <Object
    Path="A:\as\GANVO\Logical\Libraries\AsArLog\AsArLog.typ"
    LogicalPath="Libraries.AsArLog.AsArLog.typ"
    Type="File"
    LastWriteTime="132761806640000000"
    Private="false" />
  <Object
    Path="A:\as\GANVO\Logical\Libraries\AsArLog\AsArLog.var"
    LogicalPath="Libraries.AsArLog.AsArLog.var"
    Type="File"
    LastWriteTime="132761806640000000"
    Private="false" />
  <Object
    Path="A:\as\GANVO\Logical\Libraries\sys_lib\binary.lby"
    LogicalPath="Libraries.sys_lib"
    Type="Library"
    LastWriteTime="132761806640000000" />
  <Object
    Path="A:\as\GANVO\Logical\Libraries\sys_lib\sys_lib.fun"
    LogicalPath="Libraries.sys_lib.sys_lib.fun"
    Type="File"
    LastWriteTime="132761806640000000"
    Private="false" />
  <Object
    Path="A:\as\GANVO\Logical\Libraries\sys_lib\sys_lib.typ"
    LogicalPath="Libraries.sys_lib.sys_lib.typ"
    Type="File"
    LastWriteTime="132761806640000000"
    Private="false" />
  <Object
    Path="A:\as\GANVO\Logical\Libraries\sys_lib\sys_lib.var"
    LogicalPath="Libraries.sys_lib.sys_lib.var"
    Type="File"
    LastWriteTime="132761806640000000"
    Private="false" />
  <Object
    Path="A:\as\GANVO\Logical\Libraries\FileIO\binary.lby"
    LogicalPath="Libraries.FileIO"
    Type="Library"
    LastWriteTime="132761806640000000" />
  <Object
    Path="A:\as\GANVO\Logical\Libraries\FileIO\FileIO.fun"
    LogicalPath="Libraries.FileIO.FileIO.fun"
    Type="File"
    LastWriteTime="132761806640000000"
    Private="false" />
  <Object
    Path="A:\as\GANVO\Logical\Libraries\FileIO\FileIO.typ"
    LogicalPath="Libraries.FileIO.FileIO.typ"
    Type="File"
    LastWriteTime="132761806640000000"
    Private="false" />
  <Object
    Path="A:\as\GANVO\Logical\Libraries\FileIO\FileIO.var"
    LogicalPath="Libraries.FileIO.FileIO.var"
    Type="File"
    LastWriteTime="132761806640000000"
    Private="false" />
  <Object
    Path="A:\as\GANVO\Logical\Libraries\AsArProf\binary.lby"
    LogicalPath="Libraries.AsArProf"
    Type="Library"
    LastWriteTime="132761806640000000" />
  <Object
    Path="A:\as\GANVO\Logical\Libraries\AsArProf\AsArProf.fun"
    LogicalPath="Libraries.AsArProf.AsArProf.fun"
    Type="File"
    LastWriteTime="132761806640000000"
    Private="false" />
  <Object
    Path="A:\as\GANVO\Logical\Libraries\AsArProf\AsArProf.typ"
    LogicalPath="Libraries.AsArProf.AsArProf.typ"
    Type="File"
    LastWriteTime="132761806640000000"
    Private="false" />
  <Object
    Path="A:\as\GANVO\Logical\Libraries\AsArProf\AsArProf.var"
    LogicalPath="Libraries.AsArProf.AsArProf.var"
    Type="File"
    LastWriteTime="132761806640000000"
    Private="false" />
  <Object
    Path="A:\as\GANVO\Logical\Libraries\AsMem\binary.lby"
    LogicalPath="Libraries.AsMem"
    Type="Library"
    LastWriteTime="132761806640000000" />
  <Object
    Path="A:\as\GANVO\Logical\Libraries\AsMem\AsMem.fun"
    LogicalPath="Libraries.AsMem.AsMem.fun"
    Type="File"
    LastWriteTime="132761806640000000"
    Private="false" />
  <Object
    Path="A:\as\GANVO\Logical\Libraries\AsMem\AsMem.typ"
    LogicalPath="Libraries.AsMem.AsMem.typ"
    Type="File"
    LastWriteTime="132761806640000000"
    Private="false" />
  <Object
    Path="A:\as\GANVO\Logical\Libraries\AsMem\AsMem.var"
    LogicalPath="Libraries.AsMem.AsMem.var"
    Type="File"
    LastWriteTime="132761806640000000"
    Private="false" />
  <Object
    Path="A:\as\GANVO\Logical\Libraries\brsystem\binary.lby"
    LogicalPath="Libraries.brsystem"
    Type="Library"
    LastWriteTime="132761806640000000" />
  <Object
    Path="A:\as\GANVO\Logical\Libraries\brsystem\brsystem.fun"
    LogicalPath="Libraries.brsystem.brsystem.fun"
    Type="File"
    LastWriteTime="132761806640000000"
    Private="false" />
  <Object
    Path="A:\as\GANVO\Logical\Libraries\brsystem\brsystem.typ"
    LogicalPath="Libraries.brsystem.brsystem.typ"
    Type="File"
    LastWriteTime="132761806640000000"
    Private="false" />
  <Object
    Path="A:\as\GANVO\Logical\Libraries\brsystem\brsystem.var"
    LogicalPath="Libraries.brsystem.brsystem.var"
    Type="File"
    LastWriteTime="132761806640000000"
    Private="false" />
  <Object
    Path="A:\as\GANVO\Logical\Libraries\Acp10_MC\binary.lby"
    LogicalPath="Libraries.Acp10_MC"
    Type="Library"
    LastWriteTime="132761806680000000" />
  <Object
    Path="A:\as\GANVO\Logical\Libraries\Acp10_MC\acp10_mc.fun"
    LogicalPath="Libraries.Acp10_MC.acp10_mc.fun"
    Type="File"
    LastWriteTime="132761806680000000"
    Private="false" />
  <Object
    Path="A:\as\GANVO\Logical\Libraries\Acp10_MC\acp10_mc.typ"
    LogicalPath="Libraries.Acp10_MC.acp10_mc.typ"
    Type="File"
    LastWriteTime="132761806680000000"
    Private="false" />
  <Object
    Path="A:\as\GANVO\Logical\Libraries\Acp10_MC\acp10_mc.var"
    LogicalPath="Libraries.Acp10_MC.acp10_mc.var"
    Type="File"
    LastWriteTime="132761806680000000"
    Private="false" />
  <Object
    Path="A:\as\GANVO\Logical\Libraries\AsBrStr\binary.lby"
    LogicalPath="Libraries.AsBrStr"
    Type="Library"
    LastWriteTime="132761806700000000" />
  <Object
    Path="A:\as\GANVO\Logical\Libraries\AsBrStr\AsBrStr.fun"
    LogicalPath="Libraries.AsBrStr.AsBrStr.fun"
    Type="File"
    LastWriteTime="132761806700000000"
    Private="false" />
  <Object
    Path="A:\as\GANVO\Logical\Libraries\AsBrStr\AsBrStr.typ"
    LogicalPath="Libraries.AsBrStr.AsBrStr.typ"
    Type="File"
    LastWriteTime="132761806700000000"
    Private="false" />
  <Object
    Path="A:\as\GANVO\Logical\Libraries\AsBrStr\AsBrStr.var"
    LogicalPath="Libraries.AsBrStr.AsBrStr.var"
    Type="File"
    LastWriteTime="132761806700000000"
    Private="false" />
  <Object
    Path="A:\as\GANVO\Logical\Libraries\X64Lib\ANSIC.lby"
    LogicalPath="Libraries.X64Lib"
    Type="Library"
    LastWriteTime="132766990480000000" />
  <Object
    Path="A:\as\GANVO\Logical\Libraries\X64Lib\X64Lib.typ"
    LogicalPath="Libraries.X64Lib.X64Lib.typ"
    Type="File"
    LastWriteTime="132766990480000000"
    Private="false" />
  <Object
    Path="A:\as\GANVO\Logical\Libraries\X64Lib\X64Lib.var"
    LogicalPath="Libraries.X64Lib.X64Lib.var"
    Type="File"
    LastWriteTime="132766990480000000"
    Private="false" />
  <Object
    Path="A:\as\GANVO\Logical\Libraries\X64Lib\FBX64Inverter.c"
    LogicalPath="Libraries.X64Lib.FBX64Inverter.c"
    Type="File"
    LastWriteTime="132766990480000000"
    Private="false" />
  <Object
    Path="A:\as\GANVO\Logical\Libraries\X64Lib\X64Lib.fun"
    LogicalPath="Libraries.X64Lib.X64Lib.fun"
    Type="File"
    LastWriteTime="132766990480000000"
    Private="false" />
  <Object
    Path="A:\as\GANVO\Logical\Libraries\GateCtrl\ANSIC.lby"
    LogicalPath="Libraries.GateCtrl"
    Type="Library"
    LastWriteTime="132766996500000000" />
  <Object
    Path="A:\as\GANVO\Logical\Libraries\GateCtrl\Types.typ"
    LogicalPath="Libraries.GateCtrl.Types.typ"
    Type="File"
    LastWriteTime="132773888840000000"
    Private="false" />
  <Object
    Path="A:\as\GANVO\Logical\Libraries\GateCtrl\Constants.var"
    LogicalPath="Libraries.GateCtrl.Constants.var"
    Type="File"
    LastWriteTime="132766995360000000"
    Private="false" />
  <Object
    Path="A:\as\GANVO\Logical\Libraries\GateCtrl\GateCtrl.fun"
    LogicalPath="Libraries.GateCtrl.GateCtrl.fun"
    Type="File"
    LastWriteTime="132773930020000000"
    Private="false" />
  <Object
    Path="A:\as\GANVO\Logical\Libraries\GateCtrl\FBGate.c"
    LogicalPath="Libraries.GateCtrl.FBGate.c"
    Type="File"
    LastWriteTime="132780015245672709"
    Private="false" />
  <Object
    Path="A:\as\GANVO\Logical\ncsdcctrl\IEC.prg"
    LogicalPath="ncsdcctrl"
    Type="Program"
    LastWriteTime="132761806480000000" />
  <Object
    Path="A:\as\GANVO\Logical\ncsdcctrl\ncsdcctrlCyclic.st"
    LogicalPath="ncsdcctrl.ncsdcctrlCyclic.st"
    Type="File"
    LastWriteTime="132761826400000000"
    Private="false" />
  <Object
    Path="A:\as\GANVO\Logical\ncsdcctrl\ncsdcctrlInit.st"
    LogicalPath="ncsdcctrl.ncsdcctrlInit.st"
    Type="File"
    LastWriteTime="132761826400000000"
    Private="false" />
  <Object
    Path="A:\as\GANVO\Logical\ncsdcctrl\ncsdcctrl.typ"
    LogicalPath="ncsdcctrl.ncsdcctrl.typ"
    Type="File"
    LastWriteTime="132761806480000000"
    Private="true" />
  <Object
    Path="A:\as\GANVO\Logical\ncsdcctrl\ncsdcctrl.var"
    LogicalPath="ncsdcctrl.ncsdcctrl.var"
    Type="File"
    LastWriteTime="132761827880000000"
    Private="true" />
  <Object
    Path="A:\as\GANVO\Logical\acp10etxen\Ett.dob"
    LogicalPath="acp10etxen"
    Type="DataObject"
    LastWriteTime="132761806620000000" />
  <Object
    Path="A:\as\GANVO\Logical\acp10etxen\acp10etxen.ett"
    LogicalPath="acp10etxen.acp10etxen.ett"
    Type="File"
    LastWriteTime="132761806620000000"
    Private="false" />
  <Object
    Path="A:\as\GANVO\Logical\GmcIpConfig\Package.pkg"
    LogicalPath="GmcIpConfig"
    Type="Package"
    LastWriteTime="131647977000000000" />
  <Object
    Path="A:\as\GANVO\Logical\GmcIpConfig\gmcipsys\Cnc.dob"
    LogicalPath="GmcIpConfig.gmcipsys"
    Type="DataObject"
    LastWriteTime="131647977000000000" />
  <Object
    Path="A:\as\GANVO\Logical\GmcIpConfig\gmcipsys\gmcipsys.cnc"
    LogicalPath="GmcIpConfig.gmcipsys.gmcipsys.cnc"
    Type="File"
    LastWriteTime="131647977000000000"
    Private="false" />
  <Object
    Path="A:\as\GANVO\Logical\GmcIpConfig\gmciplbr\Cnc.dob"
    LogicalPath="GmcIpConfig.gmciplbr"
    Type="DataObject"
    LastWriteTime="131647977000000000" />
  <Object
    Path="A:\as\GANVO\Logical\GmcIpConfig\gmciplbr\gmciplbr.cnc"
    LogicalPath="GmcIpConfig.gmciplbr.gmciplbr.cnc"
    Type="File"
    LastWriteTime="131647977000000000"
    Private="false" />
  <Object
    Path="A:\as\GANVO\Logical\GmcIpConfig\gmcipcbr\Cnc.dob"
    LogicalPath="GmcIpConfig.gmcipcbr"
    Type="DataObject"
    LastWriteTime="131647977000000000" />
  <Object
    Path="A:\as\GANVO\Logical\GmcIpConfig\gmcipcbr\gmcipcbr.cnc"
    LogicalPath="GmcIpConfig.gmcipcbr.gmcipcbr.cnc"
    Type="File"
    LastWriteTime="131647977000000000"
    Private="false" />
  <Object
    Path="A:\as\GANVO\Logical\GmcIpConfig\gmciplsm\Cnc.dob"
    LogicalPath="GmcIpConfig.gmciplsm"
    Type="DataObject"
    LastWriteTime="131647977000000000" />
  <Object
    Path="A:\as\GANVO\Logical\GmcIpConfig\gmciplsm\gmciplsm.cnc"
    LogicalPath="GmcIpConfig.gmciplsm.gmciplsm.cnc"
    Type="File"
    LastWriteTime="131647977000000000"
    Private="false" />
  <Object
    Path="A:\as\GANVO\Logical\GmcIpConfig\gmcipcsm\Cnc.dob"
    LogicalPath="GmcIpConfig.gmcipcsm"
    Type="DataObject"
    LastWriteTime="131647977000000000" />
  <Object
    Path="A:\as\GANVO\Logical\GmcIpConfig\gmcipcsm\gmcipcsm.cnc"
    LogicalPath="GmcIpConfig.gmcipcsm.gmcipcsm.cnc"
    Type="File"
    LastWriteTime="131647977000000000"
    Private="false" />
  <Object
    Path="A:\as\GANVO\Logical\GmcIpConfig\gmcipcfg\Cnc.dob"
    LogicalPath="GmcIpConfig.gmcipcfg"
    Type="DataObject"
    LastWriteTime="131647977000000000" />
  <Object
    Path="A:\as\GANVO\Logical\GmcIpConfig\gmcipcfg\gmcipcfg.cnc"
    LogicalPath="GmcIpConfig.gmcipcfg.gmcipcfg.cnc"
    Type="File"
    LastWriteTime="131647977000000000"
    Private="false" />
  <Object
    Path="A:\as\GANVO\Logical\GmcIpConfig\gmcipiec\Cnc.dob"
    LogicalPath="GmcIpConfig.gmcipiec"
    Type="DataObject"
    LastWriteTime="131647977000000000" />
  <Object
    Path="A:\as\GANVO\Logical\GmcIpConfig\gmcipiec\gmcipiec.cnc"
    LogicalPath="GmcIpConfig.gmcipiec.gmcipiec.cnc"
    Type="File"
    LastWriteTime="131647977000000000"
    Private="false" />
  <Object
    Path="A:\as\GANVO\Logical\GmcIpConfig\gmciplog\Cnc.dob"
    LogicalPath="GmcIpConfig.gmciplog"
    Type="DataObject"
    LastWriteTime="131647977000000000" />
  <Object
    Path="A:\as\GANVO\Logical\GmcIpConfig\gmciplog\gmciplog.cnc"
    LogicalPath="GmcIpConfig.gmciplog.gmciplog.cnc"
    Type="File"
    LastWriteTime="131647977000000000"
    Private="false" />
  <Object
    Path="A:\as\GANVO\Logical\GmcIpConfig\gmcipesm\Cnc.dob"
    LogicalPath="GmcIpConfig.gmcipesm"
    Type="DataObject"
    LastWriteTime="131647977000000000" />
  <Object
    Path="A:\as\GANVO\Logical\GmcIpConfig\gmcipesm\gmcipesm.cnc"
    LogicalPath="GmcIpConfig.gmcipesm.gmcipesm.cnc"
    Type="File"
    LastWriteTime="131647977000000000"
    Private="false" />
  <Object
    Path="A:\as\GANVO\Logical\GmcIpConfig\gmcipmxd\Cnc.dob"
    LogicalPath="GmcIpConfig.gmcipmxd"
    Type="DataObject"
    LastWriteTime="131647977000000000" />
  <Object
    Path="A:\as\GANVO\Logical\GmcIpConfig\gmcipmxd\gmcipmxd.cnc"
    LogicalPath="GmcIpConfig.gmcipmxd.gmcipmxd.cnc"
    Type="File"
    LastWriteTime="131647977000000000"
    Private="false" />
  <Object
    Path="A:\as\GANVO\Logical\GmcIpConfig\gmcipmx\Cnc.dob"
    LogicalPath="GmcIpConfig.gmcipmx"
    Type="DataObject"
    LastWriteTime="131647977000000000" />
  <Object
    Path="A:\as\GANVO\Logical\GmcIpConfig\gmcipmx\gmcipmx.cnc"
    LogicalPath="GmcIpConfig.gmcipmx.gmcipmx.cnc"
    Type="File"
    LastWriteTime="131647977000000000"
    Private="false" />
  <Object
    Path="A:\as\GANVO\Logical\GmcIpUserConfig\Package.pkg"
    LogicalPath="GmcIpUserConfig"
    Type="Package"
    LastWriteTime="131647977260000000" />
  <Object
    Path="A:\as\GANVO\Logical\GmcIpUserConfig\gmcipvar\Cnc.dob"
    LogicalPath="GmcIpUserConfig.gmcipvar"
    Type="DataObject"
    LastWriteTime="131647977260000000" />
  <Object
    Path="A:\as\GANVO\Logical\GmcIpUserConfig\gmcipvar\gmcipvar.cnc"
    LogicalPath="GmcIpUserConfig.gmcipvar.gmcipvar.cnc"
    Type="File"
    LastWriteTime="131647977260000000"
    Private="false" />
  <Object
    Path="A:\as\GANVO\Logical\GmcIpUserConfig\gmcipfun\Cnc.dob"
    LogicalPath="GmcIpUserConfig.gmcipfun"
    Type="DataObject"
    LastWriteTime="131647977260000000" />
  <Object
    Path="A:\as\GANVO\Logical\GmcIpUserConfig\gmcipfun\gmcipfun.cnc"
    LogicalPath="GmcIpUserConfig.gmcipfun.gmcipfun.cnc"
    Type="File"
    LastWriteTime="131647977260000000"
    Private="false" />
  <Object
    Path="A:\as\GANVO\Logical\GmcIpUserConfig\gmcipfub\Cnc.dob"
    LogicalPath="GmcIpUserConfig.gmcipfub"
    Type="DataObject"
    LastWriteTime="131647977260000000" />
  <Object
    Path="A:\as\GANVO\Logical\GmcIpUserConfig\gmcipfub\gmcipfub.cnc"
    LogicalPath="GmcIpUserConfig.gmcipfub.gmcipfub.cnc"
    Type="File"
    LastWriteTime="131647977260000000"
    Private="false" />
  <Object
    Path="A:\as\GANVO\Logical\GmcIpUserConfig\gmcipubr\Cnc.dob"
    LogicalPath="GmcIpUserConfig.gmcipubr"
    Type="DataObject"
    LastWriteTime="131647977260000000" />
  <Object
    Path="A:\as\GANVO\Logical\GmcIpUserConfig\gmcipubr\gmcipubr.cnc"
    LogicalPath="GmcIpUserConfig.gmcipubr.gmcipubr.cnc"
    Type="File"
    LastWriteTime="131647977260000000"
    Private="false" />
  <Object
    Path="A:\as\GANVO\Logical\GmcIpUserConfig\gmcipusm\Cnc.dob"
    LogicalPath="GmcIpUserConfig.gmcipusm"
    Type="DataObject"
    LastWriteTime="131647977260000000" />
  <Object
    Path="A:\as\GANVO\Logical\GmcIpUserConfig\gmcipusm\gmcipusm.cnc"
    LogicalPath="GmcIpUserConfig.gmcipusm.gmcipusm.cnc"
    Type="File"
    LastWriteTime="131647977260000000"
    Private="false" />
  <Object
    Path="A:\as\GANVO\Logical\GmcIpUserConfig\gmcipui\Cnc.dob"
    LogicalPath="GmcIpUserConfig.gmcipui"
    Type="DataObject"
    LastWriteTime="131647977260000000" />
  <Object
    Path="A:\as\GANVO\Logical\GmcIpUserConfig\gmcipui\gmcipui.cnc"
    LogicalPath="GmcIpUserConfig.gmcipui.gmcipui.cnc"
    Type="File"
    LastWriteTime="131647977260000000"
    Private="false" />
  <Object
    Path="A:\as\GANVO\Logical\GmcIpUserConfig\gmcipus\Cnc.dob"
    LogicalPath="GmcIpUserConfig.gmcipus"
    Type="DataObject"
    LastWriteTime="131647977260000000" />
  <Object
    Path="A:\as\GANVO\Logical\GmcIpUserConfig\gmcipus\gmcipus.cnc"
    LogicalPath="GmcIpUserConfig.gmcipus.gmcipus.cnc"
    Type="File"
    LastWriteTime="131647977260000000"
    Private="false" />
  <Object
    Path="A:\as\GANVO\Logical\GmcIpUserConfig\gmcipuc\Cnc.dob"
    LogicalPath="GmcIpUserConfig.gmcipuc"
    Type="DataObject"
    LastWriteTime="131647977260000000" />
  <Object
    Path="A:\as\GANVO\Logical\GmcIpUserConfig\gmcipuc\gmcipuc.cnc"
    LogicalPath="GmcIpUserConfig.gmcipuc.gmcipuc.cnc"
    Type="File"
    LastWriteTime="131647977260000000"
    Private="false" />
  <Object
    Path="A:\as\GANVO\Logical\gAxis01obj\Package.pkg"
    LogicalPath="gAxis01obj"
    Type="Package"
    LastWriteTime="132761806700000000" />
  <Object
    Path="A:\as\GANVO\Logical\gAxis01obj\gAxis01a\Apt.dob"
    LogicalPath="gAxis01obj.gAxis01a"
    Type="DataObject"
    LastWriteTime="132761806700000000" />
  <Object
    Path="A:\as\GANVO\Logical\gAxis01obj\gAxis01a\gAxis01a.apt"
    LogicalPath="gAxis01obj.gAxis01a.gAxis01a.apt"
    Type="File"
    LastWriteTime="132761806700000000"
    Private="false" />
  <Object
    Path="A:\as\GANVO\Logical\gAxis01obj\gAxis01i\Ax.dob"
    LogicalPath="gAxis01obj.gAxis01i"
    Type="DataObject"
    LastWriteTime="132761806700000000" />
  <Object
    Path="A:\as\GANVO\Logical\gAxis01obj\gAxis01i\gAxis01i.ax"
    LogicalPath="gAxis01obj.gAxis01i.gAxis01i.ax"
    Type="File"
    LastWriteTime="132761806700000000"
    Private="false" />
  <Object
    Path="A:\as\GANVO\Logical\gAxis02obj\Package.pkg"
    LogicalPath="gAxis02obj"
    Type="Package"
    LastWriteTime="132761825700000000" />
  <Object
    Path="A:\as\GANVO\Logical\gAxis02obj\gAxis02a\Apt.dob"
    LogicalPath="gAxis02obj.gAxis02a"
    Type="DataObject"
    LastWriteTime="132761825700000000" />
  <Object
    Path="A:\as\GANVO\Logical\gAxis02obj\gAxis02a\gAxis02a.apt"
    LogicalPath="gAxis02obj.gAxis02a.gAxis02a.apt"
    Type="File"
    LastWriteTime="132761825700000000"
    Private="false" />
  <Object
    Path="A:\as\GANVO\Logical\gAxis02obj\gAxis02i\Ax.dob"
    LogicalPath="gAxis02obj.gAxis02i"
    Type="DataObject"
    LastWriteTime="132761825700000000" />
  <Object
    Path="A:\as\GANVO\Logical\gAxis02obj\gAxis02i\gAxis02i.ax"
    LogicalPath="gAxis02obj.gAxis02i.gAxis02i.ax"
    Type="File"
    LastWriteTime="132761825700000000"
    Private="false" />
  <Object
    Path="A:\as\GANVO\Logical\gAxis03obj\Package.pkg"
    LogicalPath="gAxis03obj"
    Type="Package"
    LastWriteTime="132761825820000000" />
  <Object
    Path="A:\as\GANVO\Logical\gAxis03obj\gAxis03a\Apt.dob"
    LogicalPath="gAxis03obj.gAxis03a"
    Type="DataObject"
    LastWriteTime="132761825800000000" />
  <Object
    Path="A:\as\GANVO\Logical\gAxis03obj\gAxis03a\gAxis03a.apt"
    LogicalPath="gAxis03obj.gAxis03a.gAxis03a.apt"
    Type="File"
    LastWriteTime="132761825800000000"
    Private="false" />
  <Object
    Path="A:\as\GANVO\Logical\gAxis03obj\gAxis03i\Ax.dob"
    LogicalPath="gAxis03obj.gAxis03i"
    Type="DataObject"
    LastWriteTime="132761825820000000" />
  <Object
    Path="A:\as\GANVO\Logical\gAxis03obj\gAxis03i\gAxis03i.ax"
    LogicalPath="gAxis03obj.gAxis03i.gAxis03i.ax"
    Type="File"
    LastWriteTime="132761825820000000"
    Private="false" />
  <Object
    Path="A:\as\GANVO\Logical\gAxis04obj\Package.pkg"
    LogicalPath="gAxis04obj"
    Type="Package"
    LastWriteTime="132761825940000000" />
  <Object
    Path="A:\as\GANVO\Logical\gAxis04obj\gAxis04a\Apt.dob"
    LogicalPath="gAxis04obj.gAxis04a"
    Type="DataObject"
    LastWriteTime="132761825940000000" />
  <Object
    Path="A:\as\GANVO\Logical\gAxis04obj\gAxis04a\gAxis04a.apt"
    LogicalPath="gAxis04obj.gAxis04a.gAxis04a.apt"
    Type="File"
    LastWriteTime="132761825940000000"
    Private="false" />
  <Object
    Path="A:\as\GANVO\Logical\gAxis04obj\gAxis04i\Ax.dob"
    LogicalPath="gAxis04obj.gAxis04i"
    Type="DataObject"
    LastWriteTime="132761825940000000" />
  <Object
    Path="A:\as\GANVO\Logical\gAxis04obj\gAxis04i\gAxis04i.ax"
    LogicalPath="gAxis04obj.gAxis04i.gAxis04i.ax"
    Type="File"
    LastWriteTime="132761825940000000"
    Private="false" />
  <Object
    Path="A:\as\GANVO\Logical\gAxis05obj\Package.pkg"
    LogicalPath="gAxis05obj"
    Type="Package"
    LastWriteTime="132761826420000000" />
  <Object
    Path="A:\as\GANVO\Logical\gAxis05obj\gAxis05a\Apt.dob"
    LogicalPath="gAxis05obj.gAxis05a"
    Type="DataObject"
    LastWriteTime="132761826420000000" />
  <Object
    Path="A:\as\GANVO\Logical\gAxis05obj\gAxis05a\gAxis05a.apt"
    LogicalPath="gAxis05obj.gAxis05a.gAxis05a.apt"
    Type="File"
    LastWriteTime="132761826420000000"
    Private="false" />
  <Object
    Path="A:\as\GANVO\Logical\gAxis05obj\gAxis05i\Ax.dob"
    LogicalPath="gAxis05obj.gAxis05i"
    Type="DataObject"
    LastWriteTime="132761826420000000" />
  <Object
    Path="A:\as\GANVO\Logical\gAxis05obj\gAxis05i\gAxis05i.ax"
    LogicalPath="gAxis05obj.gAxis05i.gAxis05i.ax"
    Type="File"
    LastWriteTime="132761826420000000"
    Private="false" />
  <Object
    Path="A:\as\GANVO\Physical\labBR\Config.pkg"
    LogicalPath="labBR"
    Type="Configuration.ParentUnknown"
    LastWriteTime="132761806020000000" />
  <Object
    Path="A:\as\GANVO\Physical\labBR\Hardware.hw"
    LogicalPath="labBR.Hardware.hw"
    Type="File"
    LastWriteTime="132761838440000000"
    Private="false" />
  <Object
    Path="A:\as\GANVO\Physical\labBR\Hardware.hwl"
    LogicalPath="labBR.Hardware.hwl"
    Type="File"
    LastWriteTime="132761838440000000"
    Private="false" />
  <Object
    Path="A:\as\GANVO\Physical\labBR\4PP065_0571_P74\Cpu.pkg"
    LogicalPath="labBR.4PP065_0571_P74"
    Type="Cpu"
    LastWriteTime="132761806480000000" />
  <Object
    Path="A:\as\GANVO\Physical\labBR\4PP065_0571_P74\Cpu.sw"
    LogicalPath="labBR.4PP065_0571_P74.Cpu.sw"
    Type="File"
    LastWriteTime="132766995500000000"
    Private="false" />
  <Object
    Path="A:\as\GANVO\Physical\labBR\4PP065_0571_P74\Cpu.per"
    LogicalPath="labBR.4PP065_0571_P74.Cpu.per"
    Type="File"
    LastWriteTime="132761805180000000"
    Private="false" />
  <Object
    Path="A:\as\GANVO\Physical\labBR\4PP065_0571_P74\IoMap.iom"
    LogicalPath="labBR.4PP065_0571_P74.IoMap.iom"
    Type="File"
    LastWriteTime="132761826400000000"
    Private="false" />
  <Object
    Path="A:\as\GANVO\Physical\labBR\4PP065_0571_P74\PvMap.vvm"
    LogicalPath="labBR.4PP065_0571_P74.PvMap.vvm"
    Type="File"
    LastWriteTime="132761805180000000"
    Private="false" />
  <Object
    Path="A:\as\GANVO\Physical\labBR\4PP065_0571_P74\Connectivity\Package.pkg"
    LogicalPath="labBR.4PP065_0571_P74.Connectivity"
    Type="Package"
    LastWriteTime="132761805180000000" />
  <Object
    Path="A:\as\GANVO\Physical\labBR\4PP065_0571_P74\Connectivity\OpcUA\Package.pkg"
    LogicalPath="labBR.4PP065_0571_P74.Connectivity.OpcUA"
    Type="Package"
    LastWriteTime="132761805180000000" />
  <Object
    Path="A:\as\GANVO\Physical\labBR\4PP065_0571_P74\TextSystem\Package.pkg"
    LogicalPath="labBR.4PP065_0571_P74.TextSystem"
    Type="Package"
    LastWriteTime="132761805180000000" />
  <Object
    Path="A:\as\GANVO\Physical\labBR\4PP065_0571_P74\UnitSystem\Package.pkg"
    LogicalPath="labBR.4PP065_0571_P74.UnitSystem"
    Type="Package"
    LastWriteTime="132761805180000000" />
  <Object
    Path="A:\as\GANVO\Physical\labBR\4PP065_0571_P74\AccessAndSecurity\Package.pkg"
    LogicalPath="labBR.4PP065_0571_P74.AccessAndSecurity"
    Type="Package"
    LastWriteTime="132761805180000000" />
  <Object
    Path="A:\as\GANVO\Physical\labBR\4PP065_0571_P74\AccessAndSecurity\UserRoleSystem\Package.pkg"
    LogicalPath="labBR.4PP065_0571_P74.AccessAndSecurity.UserRoleSystem"
    Type="Package"
    LastWriteTime="132761805180000000" />
  <Object
    Path="A:\as\GANVO\Physical\labBR\4PP065_0571_P74\AccessAndSecurity\UserRoleSystem\Role.role"
    LogicalPath="labBR.4PP065_0571_P74.AccessAndSecurity.UserRoleSystem.Role.role"
    Type="File"
    LastWriteTime="132761805180000000"
    Private="false" />
  <Object
    Path="A:\as\GANVO\Physical\labBR\4PP065_0571_P74\AccessAndSecurity\UserRoleSystem\User.user"
    LogicalPath="labBR.4PP065_0571_P74.AccessAndSecurity.UserRoleSystem.User.user"
    Type="File"
    LastWriteTime="132761805180000000"
    Private="false" />
  <Object
    Path="A:\as\GANVO\Physical\labBR\4PP065_0571_P74\AccessAndSecurity\CertificateStore\Package.pkg"
    LogicalPath="labBR.4PP065_0571_P74.AccessAndSecurity.CertificateStore"
    Type="Package"
    LastWriteTime="132761805180000000" />
  <Object
    Path="A:\as\GANVO\Physical\labBR\4PP065_0571_P74\AccessAndSecurity\CertificateStore\OwnCertificates\Package.pkg"
    LogicalPath="labBR.4PP065_0571_P74.AccessAndSecurity.CertificateStore.OwnCertificates"
    Type="Package"
    LastWriteTime="132761805180000000" />
  <Object
    Path="A:\as\GANVO\Physical\labBR\4PP065_0571_P74\AccessAndSecurity\CertificateStore\OwnCertificates\Certificates\Package.pkg"
    LogicalPath="labBR.4PP065_0571_P74.AccessAndSecurity.CertificateStore.OwnCertificates.Certificates"
    Type="Package"
    LastWriteTime="132761805180000000" />
  <Object
    Path="A:\as\GANVO\Physical\labBR\4PP065_0571_P74\AccessAndSecurity\CertificateStore\OwnCertificates\PrivateKeys\Package.pkg"
    LogicalPath="labBR.4PP065_0571_P74.AccessAndSecurity.CertificateStore.OwnCertificates.PrivateKeys"
    Type="Package"
    LastWriteTime="132761805180000000" />
  <Object
    Path="A:\as\GANVO\Physical\labBR\4PP065_0571_P74\AccessAndSecurity\CertificateStore\ThirdPartyCertificates\Package.pkg"
    LogicalPath="labBR.4PP065_0571_P74.AccessAndSecurity.CertificateStore.ThirdPartyCertificates"
    Type="Package"
    LastWriteTime="132761805180000000" />
  <Object
    Path="A:\as\GANVO\Physical\labBR\4PP065_0571_P74\AccessAndSecurity\CertificateStore\ThirdPartyCertificates\SoftwareCertificates\Package.pkg"
    LogicalPath="labBR.4PP065_0571_P74.AccessAndSecurity.CertificateStore.ThirdPartyCertificates.SoftwareCertificates"
    Type="Package"
    LastWriteTime="132761805180000000" />
  <Object
    Path="A:\as\GANVO\Physical\labBR\4PP065_0571_P74\AccessAndSecurity\CertificateStore\CertificateRevocationLists\Package.pkg"
    LogicalPath="labBR.4PP065_0571_P74.AccessAndSecurity.CertificateStore.CertificateRevocationLists"
    Type="Package"
    LastWriteTime="132761805180000000" />
  <Object
    Path="A:\as\GANVO\Physical\labBR\4PP065_0571_P74\AccessAndSecurity\CertificateStore\CertificateSigningRequests\Package.pkg"
    LogicalPath="labBR.4PP065_0571_P74.AccessAndSecurity.CertificateStore.CertificateSigningRequests"
    Type="Package"
    LastWriteTime="132761805180000000" />
  <Object
    Path="A:\as\GANVO\Physical\labBR\4PP065_0571_P74\AccessAndSecurity\TransportLayerSecurity\Package.pkg"
    LogicalPath="labBR.4PP065_0571_P74.AccessAndSecurity.TransportLayerSecurity"
    Type="Package"
    LastWriteTime="132761805180000000" />
  <Object
    Path="A:\as\GANVO\Physical\labBR\4PP065_0571_P74\mappControl\Package.pkg"
    LogicalPath="labBR.4PP065_0571_P74.mappControl"
    Type="Package"
    LastWriteTime="132761805180000000" />
  <Object
    Path="A:\as\GANVO\Physical\labBR\4PP065_0571_P74\mappMotion\Package.pkg"
    LogicalPath="labBR.4PP065_0571_P74.mappMotion"
    Type="Package"
    LastWriteTime="132761805180000000" />
  <Object
    Path="A:\as\GANVO\Physical\labBR\4PP065_0571_P74\mappServices\Package.pkg"
    LogicalPath="labBR.4PP065_0571_P74.mappServices"
    Type="Package"
    LastWriteTime="132761805180000000" />
  <Object
    Path="A:\as\GANVO\Physical\labBR\4PP065_0571_P74\mappView\Package.pkg"
    LogicalPath="labBR.4PP065_0571_P74.mappView"
    Type="Package"
    LastWriteTime="132761805180000000" />
  <Object
    Path="A:\as\GANVO\Physical\labBR\4PP065_0571_P74\mappCockpit\Package.pkg"
    LogicalPath="labBR.4PP065_0571_P74.mappCockpit"
    Type="Package"
    LastWriteTime="132761805180000000" />
  <Object
    Path="A:\as\GANVO\Physical\labBR\4PP065_0571_P74\Motion\Package.pkg"
    LogicalPath="labBR.4PP065_0571_P74.Motion"
    Type="Package"
    LastWriteTime="132761806640000000" />
  <Object
    Path="A:\as\GANVO\Physical\labBR\4PP065_0571_P74\Motion\Acp10map.ncm"
    LogicalPath="labBR.4PP065_0571_P74.Motion.Acp10map.ncm"
    Type="File"
    LastWriteTime="132761826400000000"
    Private="false" />
  <Object
    Path="A:\as\GANVO\Physical\labBR\4PP065_0571_P74\Motion\Acp10cfg.ncc"
    LogicalPath="labBR.4PP065_0571_P74.Motion.Acp10cfg.ncc"
    Type="File"
    LastWriteTime="132761825940000000"
    Private="false" />
  <Object
    Path="A:\as\GANVO\Physical\labBR\4PP065_0571_P74\Motion\Acp10sys.br"
    LogicalPath="labBR.4PP065_0571_P74.Motion.Acp10sys.br"
    Type="File"
    LastWriteTime="132761806500000000"
    Private="false" />
  <Object
    Path="A:\as\GANVO\Physical\labBR\4PP065_0571_P74\Motion\Arnc0cfg.ncc"
    LogicalPath="labBR.4PP065_0571_P74.Motion.Arnc0cfg.ncc"
    Type="File"
    LastWriteTime="132761806640000000"
    Private="false" />
  <Object
    Path="A:\as\GANVO\Physical\labBR\4PP065_0571_P74\Motion\Arnc0map.ncm"
    LogicalPath="labBR.4PP065_0571_P74.Motion.Arnc0map.ncm"
    Type="File"
    LastWriteTime="132761806640000000"
    Private="false" />
  <Object
    Path="A:\as\GANVO\Logical\Libraries\Arnc0man\SG4\Arnc0sys.br"
    LogicalPath="labBR.4PP065_0571_P74.Motion.Arnc0sys.br"
    Type="File"
    LastWriteTime="131647940560000000"
    Private="false" />
  <Object
    Path="A:\as\GANVO\Physical\labBR\Hardware.jpg"
    LogicalPath="labBR.Hardware.jpg"
    Type="File"
    LastWriteTime="132766981860000000"
    Private="false" />
</Objects>