<?xml version="1.0" encoding="utf-8"?>
<?AutomationStudio Version="4.5.2.102"?>
<Objects>
  <Object
    Path="A:\as\LRlab23i\Logical\Package.pkg"
    LogicalPath=""
    Type="Package.ParentUnknown"
    LastWriteTime="132793826681768998" />
  <Object
    Path="A:\as\LRlab23i\Logical\Global.typ"
    LogicalPath="Global.typ"
    Type="File"
    LastWriteTime="132793822891020265"
    Private="false" />
  <Object
    Path="A:\as\LRlab23i\Logical\Global.var"
    LogicalPath="Global.var"
    Type="File"
    LastWriteTime="132793840453977651"
    Private="false" />
  <Object
    Path="A:\as\LRlab23i\Logical\Libraries\Package.pkg"
    LogicalPath="Libraries"
    Type="Package"
    LastWriteTime="132793826099038735" />
  <Object
    Path="A:\as\LRlab23i\Logical\Libraries\Runtime\Binary.lby"
    LogicalPath="Libraries.Runtime"
    Type="Library"
    LastWriteTime="131091583340000000" />
  <Object
    Path="A:\as\LRlab23i\Logical\Libraries\Runtime\runtime.fun"
    LogicalPath="Libraries.Runtime.runtime.fun"
    Type="File"
    LastWriteTime="131091583340000000"
    Private="false" />
  <Object
    Path="A:\as\LRlab23i\Logical\Libraries\Runtime\runtime.typ"
    LogicalPath="Libraries.Runtime.runtime.typ"
    Type="File"
    LastWriteTime="131091583340000000"
    Private="false" />
  <Object
    Path="A:\as\LRlab23i\Logical\Libraries\Runtime\runtime.var"
    LogicalPath="Libraries.Runtime.runtime.var"
    Type="File"
    LastWriteTime="131091583340000000"
    Private="false" />
  <Object
    Path="A:\as\LRlab23i\Logical\Libraries\X64Lib\ANSIC.lby"
    LogicalPath="Libraries.X64Lib"
    Type="Library"
    LastWriteTime="132793826099008798" />
  <Object
    Path="A:\as\LRlab23i\Logical\Libraries\X64Lib\X64Lib.typ"
    LogicalPath="Libraries.X64Lib.X64Lib.typ"
    Type="File"
    LastWriteTime="132793826098968933"
    Private="false" />
  <Object
    Path="A:\as\LRlab23i\Logical\Libraries\X64Lib\X64Lib.var"
    LogicalPath="Libraries.X64Lib.X64Lib.var"
    Type="File"
    LastWriteTime="132793826098978927"
    Private="false" />
  <Object
    Path="A:\as\LRlab23i\Logical\Libraries\X64Lib\FBX64Inverter.c"
    LogicalPath="Libraries.X64Lib.FBX64Inverter.c"
    Type="File"
    LastWriteTime="132793826098998894"
    Private="false" />
  <Object
    Path="A:\as\LRlab23i\Logical\Libraries\X64Lib\X64Lib.fun"
    LogicalPath="Libraries.X64Lib.X64Lib.fun"
    Type="File"
    LastWriteTime="132793826099008798"
    Private="false" />
  <Object
    Path="A:\as\LRlab23i\Logical\Libraries\Operator\Binary.lby"
    LogicalPath="Libraries.Operator"
    Type="Library"
    LastWriteTime="131091583340000000" />
  <Object
    Path="A:\as\LRlab23i\Logical\Libraries\Operator\operator.fun"
    LogicalPath="Libraries.Operator.operator.fun"
    Type="File"
    LastWriteTime="131091583340000000"
    Private="false" />
  <Object
    Path="A:\as\LRlab23i\Logical\Libraries\Operator\operator.typ"
    LogicalPath="Libraries.Operator.operator.typ"
    Type="File"
    LastWriteTime="131091583340000000"
    Private="false" />
  <Object
    Path="A:\as\LRlab23i\Logical\Libraries\Operator\operator.var"
    LogicalPath="Libraries.Operator.operator.var"
    Type="File"
    LastWriteTime="131091583340000000"
    Private="false" />
  <Object
    Path="A:\as\LRlab23i\Logical\Libraries\AsIecCon\Binary.lby"
    LogicalPath="Libraries.AsIecCon"
    Type="Library"
    LastWriteTime="131091583340000000" />
  <Object
    Path="A:\as\LRlab23i\Logical\Libraries\AsIecCon\AsIecCon.fun"
    LogicalPath="Libraries.AsIecCon.AsIecCon.fun"
    Type="File"
    LastWriteTime="131091583340000000"
    Private="false" />
  <Object
    Path="A:\as\LRlab23i\Logical\Libraries\AsIecCon\AsIecCon.typ"
    LogicalPath="Libraries.AsIecCon.AsIecCon.typ"
    Type="File"
    LastWriteTime="131091583340000000"
    Private="false" />
  <Object
    Path="A:\as\LRlab23i\Logical\Libraries\AsIecCon\AsIecCon.var"
    LogicalPath="Libraries.AsIecCon.AsIecCon.var"
    Type="File"
    LastWriteTime="131091583340000000"
    Private="false" />
  <Object
    Path="A:\as\LRlab23i\Logical\Libraries\astime\Binary.lby"
    LogicalPath="Libraries.astime"
    Type="Library"
    LastWriteTime="131091583340000000" />
  <Object
    Path="A:\as\LRlab23i\Logical\Libraries\astime\astime.fun"
    LogicalPath="Libraries.astime.astime.fun"
    Type="File"
    LastWriteTime="131091583340000000"
    Private="false" />
  <Object
    Path="A:\as\LRlab23i\Logical\Libraries\astime\astime.typ"
    LogicalPath="Libraries.astime.astime.typ"
    Type="File"
    LastWriteTime="131091583340000000"
    Private="false" />
  <Object
    Path="A:\as\LRlab23i\Logical\Libraries\astime\astime.var"
    LogicalPath="Libraries.astime.astime.var"
    Type="File"
    LastWriteTime="131091583340000000"
    Private="false" />
  <Object
    Path="A:\as\LRlab23i\Logical\Libraries\sys_lib\Binary.lby"
    LogicalPath="Libraries.sys_lib"
    Type="Library"
    LastWriteTime="131194348100000000" />
  <Object
    Path="A:\as\LRlab23i\Logical\Libraries\sys_lib\sys_lib.fun"
    LogicalPath="Libraries.sys_lib.sys_lib.fun"
    Type="File"
    LastWriteTime="131194348100000000"
    Private="false" />
  <Object
    Path="A:\as\LRlab23i\Logical\Libraries\sys_lib\sys_lib.typ"
    LogicalPath="Libraries.sys_lib.sys_lib.typ"
    Type="File"
    LastWriteTime="131194348100000000"
    Private="false" />
  <Object
    Path="A:\as\LRlab23i\Logical\Libraries\sys_lib\sys_lib.var"
    LogicalPath="Libraries.sys_lib.sys_lib.var"
    Type="File"
    LastWriteTime="131194348100000000"
    Private="false" />
  <Object
    Path="A:\as\LRlab23i\Logical\Libraries\asstring\Binary.lby"
    LogicalPath="Libraries.asstring"
    Type="Library"
    LastWriteTime="131194348160000000" />
  <Object
    Path="A:\as\LRlab23i\Logical\Libraries\asstring\asstring.fun"
    LogicalPath="Libraries.asstring.asstring.fun"
    Type="File"
    LastWriteTime="131194348160000000"
    Private="false" />
  <Object
    Path="A:\as\LRlab23i\Logical\Libraries\asstring\asstring.typ"
    LogicalPath="Libraries.asstring.asstring.typ"
    Type="File"
    LastWriteTime="131194348160000000"
    Private="false" />
  <Object
    Path="A:\as\LRlab23i\Logical\Libraries\asstring\asstring.var"
    LogicalPath="Libraries.asstring.asstring.var"
    Type="File"
    LastWriteTime="131194348160000000"
    Private="false" />
  <Object
    Path="A:\as\LRlab23i\Logical\Libraries\GateCtrl\ANSIC.lby"
    LogicalPath="Libraries.GateCtrl"
    Type="Library"
    LastWriteTime="132793839960661576" />
  <Object
    Path="A:\as\LRlab23i\Logical\Libraries\GateCtrl\Types.typ"
    LogicalPath="Libraries.GateCtrl.Types.typ"
    Type="File"
    LastWriteTime="132793826085935730"
    Private="false" />
  <Object
    Path="A:\as\LRlab23i\Logical\Libraries\GateCtrl\Constants.var"
    LogicalPath="Libraries.GateCtrl.Constants.var"
    Type="File"
    LastWriteTime="132793826085945696"
    Private="false" />
  <Object
    Path="A:\as\LRlab23i\Logical\Libraries\GateCtrl\GateCtrl.fun"
    LogicalPath="Libraries.GateCtrl.GateCtrl.fun"
    Type="File"
    LastWriteTime="132793826085965643"
    Private="false" />
  <Object
    Path="A:\as\LRlab23i\Logical\Libraries\GateCtrl\FBGate.c"
    LogicalPath="Libraries.GateCtrl.FBGate.c"
    Type="File"
    LastWriteTime="132793826085975620"
    Private="false" />
  <Object
    Path="A:\as\LRlab23i\Logical\DoorCtrl\ANSIC.prg"
    LogicalPath="DoorCtrl"
    Type="Program"
    LastWriteTime="132793826681673822" />
  <Object
    Path="A:\as\LRlab23i\Logical\DoorCtrl\Main.c"
    LogicalPath="DoorCtrl.Main.c"
    Type="File"
    LastWriteTime="132793826681653568"
    Private="false" />
  <Object
    Path="A:\as\LRlab23i\Logical\DoorCtrl\Types.typ"
    LogicalPath="DoorCtrl.Types.typ"
    Type="File"
    LastWriteTime="132793826681663642"
    Private="true" />
  <Object
    Path="A:\as\LRlab23i\Logical\DoorCtrl\Variables.var"
    LogicalPath="DoorCtrl.Variables.var"
    Type="File"
    LastWriteTime="132793839008244605"
    Private="true" />
  <Object
    Path="A:\as\LRlab23i\Logical\LedCtrl\ANSIC.prg"
    LogicalPath="LedCtrl"
    Type="Program"
    LastWriteTime="132793826681758812" />
  <Object
    Path="A:\as\LRlab23i\Logical\LedCtrl\Main.c"
    LogicalPath="LedCtrl.Main.c"
    Type="File"
    LastWriteTime="132793826681725924"
    Private="false" />
  <Object
    Path="A:\as\LRlab23i\Logical\LedCtrl\Types.typ"
    LogicalPath="LedCtrl.Types.typ"
    Type="File"
    LastWriteTime="132793826681748796"
    Private="true" />
  <Object
    Path="A:\as\LRlab23i\Logical\LedCtrl\Variables.var"
    LogicalPath="LedCtrl.Variables.var"
    Type="File"
    LastWriteTime="132793826681758812"
    Private="true" />
  <Object
    Path="A:\as\LRlab23i\Physical\labBR\Config.pkg"
    LogicalPath="labBR"
    Type="Configuration.ParentUnknown"
    LastWriteTime="132793822896516200" />
  <Object
    Path="A:\as\LRlab23i\Physical\labBR\Hardware.hw"
    LogicalPath="labBR.Hardware.hw"
    Type="File"
    LastWriteTime="132793838284301406"
    Private="false" />
  <Object
    Path="A:\as\LRlab23i\Physical\labBR\Hardware.hwl"
    LogicalPath="labBR.Hardware.hwl"
    Type="File"
    LastWriteTime="132793839008095004"
    Private="false" />
  <Object
    Path="A:\as\LRlab23i\Physical\labBR\4PP065_0571_P74\Cpu.pkg"
    LogicalPath="labBR.4PP065_0571_P74"
    Type="Cpu"
    LastWriteTime="132793839310174825" />
  <Object
    Path="A:\as\LRlab23i\Physical\labBR\4PP065_0571_P74\Cpu.sw"
    LogicalPath="labBR.4PP065_0571_P74.Cpu.sw"
    Type="File"
    LastWriteTime="132793839641925176"
    Private="false" />
  <Object
    Path="A:\as\LRlab23i\Physical\labBR\4PP065_0571_P74\Cpu.per"
    LogicalPath="labBR.4PP065_0571_P74.Cpu.per"
    Type="File"
    LastWriteTime="132793822897088010"
    Private="false" />
  <Object
    Path="A:\as\LRlab23i\Physical\labBR\4PP065_0571_P74\IoMap.iom"
    LogicalPath="labBR.4PP065_0571_P74.IoMap.iom"
    Type="File"
    LastWriteTime="132793822897496550"
    Private="false" />
  <Object
    Path="A:\as\LRlab23i\Physical\labBR\4PP065_0571_P74\PvMap.vvm"
    LogicalPath="labBR.4PP065_0571_P74.PvMap.vvm"
    Type="File"
    LastWriteTime="132793822897605898"
    Private="false" />
  <Object
    Path="A:\as\LRlab23i\Physical\labBR\4PP065_0571_P74\mapp\Package.pkg"
    LogicalPath="labBR.4PP065_0571_P74.mapp"
    Type="Package"
    LastWriteTime="132793822900395474" />
  <Object
    Path="A:\as\LRlab23i\Physical\labBR\4PP065_0571_P74\Connectivity\Package.pkg"
    LogicalPath="labBR.4PP065_0571_P74.Connectivity"
    Type="Package"
    LastWriteTime="132793822900066623" />
  <Object
    Path="A:\as\LRlab23i\Physical\labBR\4PP065_0571_P74\Connectivity\OpcUA\Package.pkg"
    LogicalPath="labBR.4PP065_0571_P74.Connectivity.OpcUA"
    Type="Package"
    LastWriteTime="132793822900226197" />
  <Object
    Path="A:\as\LRlab23i\Physical\labBR\4PP065_0571_P74\TextSystem\Package.pkg"
    LogicalPath="labBR.4PP065_0571_P74.TextSystem"
    Type="Package"
    LastWriteTime="132793822900555328" />
  <Object
    Path="A:\as\LRlab23i\Physical\labBR\4PP065_0571_P74\AccessAndSecurity\Package.pkg"
    LogicalPath="labBR.4PP065_0571_P74.AccessAndSecurity"
    Type="Package"
    LastWriteTime="132793822897795390" />
  <Object
    Path="A:\as\LRlab23i\Physical\labBR\4PP065_0571_P74\AccessAndSecurity\UserRoleSystem\Package.pkg"
    LogicalPath="labBR.4PP065_0571_P74.AccessAndSecurity.UserRoleSystem"
    Type="Package"
    LastWriteTime="132793822899587629" />
  <Object
    Path="A:\as\LRlab23i\Physical\labBR\4PP065_0571_P74\AccessAndSecurity\UserRoleSystem\Role.role"
    LogicalPath="labBR.4PP065_0571_P74.AccessAndSecurity.UserRoleSystem.Role.role"
    Type="File"
    LastWriteTime="132793822899727498"
    Private="false" />
  <Object
    Path="A:\as\LRlab23i\Physical\labBR\4PP065_0571_P74\AccessAndSecurity\UserRoleSystem\User.user"
    LogicalPath="labBR.4PP065_0571_P74.AccessAndSecurity.UserRoleSystem.User.user"
    Type="File"
    LastWriteTime="132793822899877131"
    Private="false" />
  <Object
    Path="A:\as\LRlab23i\Physical\labBR\4PP065_0571_P74\AccessAndSecurity\CertificateStore\Package.pkg"
    LogicalPath="labBR.4PP065_0571_P74.AccessAndSecurity.CertificateStore"
    Type="Package"
    LastWriteTime="132793822897974919" />
  <Object
    Path="A:\as\LRlab23i\Physical\labBR\4PP065_0571_P74\AccessAndSecurity\CertificateStore\OwnCertificates\Package.pkg"
    LogicalPath="labBR.4PP065_0571_P74.AccessAndSecurity.CertificateStore.OwnCertificates"
    Type="Package"
    LastWriteTime="132793822898533418" />
  <Object
    Path="A:\as\LRlab23i\Physical\labBR\4PP065_0571_P74\AccessAndSecurity\CertificateStore\OwnCertificates\Certificates\Package.pkg"
    LogicalPath="labBR.4PP065_0571_P74.AccessAndSecurity.CertificateStore.OwnCertificates.Certificates"
    Type="Package"
    LastWriteTime="132793822898710616" />
  <Object
    Path="A:\as\LRlab23i\Physical\labBR\4PP065_0571_P74\AccessAndSecurity\CertificateStore\OwnCertificates\PrivateKeys\Package.pkg"
    LogicalPath="labBR.4PP065_0571_P74.AccessAndSecurity.CertificateStore.OwnCertificates.PrivateKeys"
    Type="Package"
    LastWriteTime="132793822898880170" />
  <Object
    Path="A:\as\LRlab23i\Physical\labBR\4PP065_0571_P74\AccessAndSecurity\CertificateStore\ThirdPartyCertificates\Package.pkg"
    LogicalPath="labBR.4PP065_0571_P74.AccessAndSecurity.CertificateStore.ThirdPartyCertificates"
    Type="Package"
    LastWriteTime="132793822899059673" />
  <Object
    Path="A:\as\LRlab23i\Physical\labBR\4PP065_0571_P74\AccessAndSecurity\CertificateStore\ThirdPartyCertificates\SoftwareCertificates\Package.pkg"
    LogicalPath="labBR.4PP065_0571_P74.AccessAndSecurity.CertificateStore.ThirdPartyCertificates.SoftwareCertificates"
    Type="Package"
    LastWriteTime="132793822899239197" />
  <Object
    Path="A:\as\LRlab23i\Physical\labBR\4PP065_0571_P74\AccessAndSecurity\CertificateStore\CertificateRevocationLists\Package.pkg"
    LogicalPath="labBR.4PP065_0571_P74.AccessAndSecurity.CertificateStore.CertificateRevocationLists"
    Type="Package"
    LastWriteTime="132793822898154429" />
  <Object
    Path="A:\as\LRlab23i\Physical\labBR\4PP065_0571_P74\AccessAndSecurity\CertificateStore\CertificateSigningRequests\Package.pkg"
    LogicalPath="labBR.4PP065_0571_P74.AccessAndSecurity.CertificateStore.CertificateSigningRequests"
    Type="Package"
    LastWriteTime="132793822898333952" />
  <Object
    Path="A:\as\LRlab23i\Physical\labBR\4PP065_0571_P74\AccessAndSecurity\TransportLayerSecurity\Package.pkg"
    LogicalPath="labBR.4PP065_0571_P74.AccessAndSecurity.TransportLayerSecurity"
    Type="Package"
    LastWriteTime="132793822899408475" />
  <Object
    Path="A:\as\LRlab23i\Physical\labBR\Hardware.jpg"
    LogicalPath="labBR.Hardware.jpg"
    Type="File"
    LastWriteTime="132793840464292460"
    Private="false" />
</Objects>