A:\as\LRlab23i\Logical\Global.typ
A:\as\LRlab23i\Logical\Global.var
A:\as\LRlab23i\Logical\Libraries\Runtime\runtime.fun
A:\as\LRlab23i\Logical\Libraries\Runtime\runtime.typ
A:\as\LRlab23i\Logical\Libraries\Runtime\runtime.var
A:\as\LRlab23i\Logical\Libraries\X64Lib\X64Lib.typ
A:\as\LRlab23i\Logical\Libraries\X64Lib\X64Lib.var
A:\as\LRlab23i\Logical\Libraries\X64Lib\X64Lib.fun
A:\as\LRlab23i\Logical\Libraries\Operator\operator.fun
A:\as\LRlab23i\Logical\Libraries\Operator\operator.typ
A:\as\LRlab23i\Logical\Libraries\Operator\operator.var
A:\as\LRlab23i\Logical\Libraries\AsIecCon\AsIecCon.fun
A:\as\LRlab23i\Logical\Libraries\AsIecCon\AsIecCon.typ
A:\as\LRlab23i\Logical\Libraries\AsIecCon\AsIecCon.var
A:\as\LRlab23i\Logical\Libraries\astime\astime.fun
A:\as\LRlab23i\Logical\Libraries\astime\astime.typ
A:\as\LRlab23i\Logical\Libraries\astime\astime.var
A:\as\LRlab23i\Logical\Libraries\sys_lib\sys_lib.fun
A:\as\LRlab23i\Logical\Libraries\sys_lib\sys_lib.typ
A:\as\LRlab23i\Logical\Libraries\sys_lib\sys_lib.var
A:\as\LRlab23i\Logical\Libraries\asstring\asstring.fun
A:\as\LRlab23i\Logical\Libraries\asstring\asstring.typ
A:\as\LRlab23i\Logical\Libraries\asstring\asstring.var
A:\as\LRlab23i\Logical\Libraries\GateCtrl\Types.typ
A:\as\LRlab23i\Logical\Libraries\GateCtrl\Constants.var
A:\as\LRlab23i\Logical\Libraries\GateCtrl\GateCtrl.fun
