A:\as\GANVO\Logical\Global.typ
A:\as\GANVO\Logical\Global.var
A:\as\GANVO\Logical\Libraries\operator\operator.fun
A:\as\GANVO\Logical\Libraries\operator\operator.typ
A:\as\GANVO\Logical\Libraries\operator\operator.var
A:\as\GANVO\Logical\Libraries\runtime\runtime.fun
A:\as\GANVO\Logical\Libraries\runtime\runtime.typ
A:\as\GANVO\Logical\Libraries\runtime\runtime.var
A:\as\GANVO\Logical\Libraries\astime\astime.fun
A:\as\GANVO\Logical\Libraries\astime\astime.typ
A:\as\GANVO\Logical\Libraries\astime\astime.var
A:\as\GANVO\Logical\Libraries\AsIecCon\AsIecCon.fun
A:\as\GANVO\Logical\Libraries\AsIecCon\AsIecCon.typ
A:\as\GANVO\Logical\Libraries\AsIecCon\AsIecCon.var
A:\as\GANVO\Logical\Libraries\Acp10man\Acp10man.typ
A:\as\GANVO\Logical\Libraries\Acp10par\Acp10par.var
A:\as\GANVO\Logical\Libraries\NcGlobal\NcGlobal.fun
A:\as\GANVO\Logical\Libraries\NcGlobal\NcGlobal.typ
A:\as\GANVO\Logical\Libraries\NcGlobal\NcGlobal.var
A:\as\GANVO\Logical\Libraries\Acp10sdc\acp10sdc.var
A:\as\GANVO\Logical\Libraries\Acp10sdc\acp10sdc.typ
A:\as\GANVO\Logical\Libraries\Arnc0man\arnc0man.typ
A:\as\GANVO\Logical\Libraries\DataObj\DataObj.fun
A:\as\GANVO\Logical\Libraries\DataObj\DataObj.typ
A:\as\GANVO\Logical\Libraries\DataObj\DataObj.var
A:\as\GANVO\Logical\Libraries\AsArLog\AsArLog.fun
A:\as\GANVO\Logical\Libraries\AsArLog\AsArLog.typ
A:\as\GANVO\Logical\Libraries\AsArLog\AsArLog.var
A:\as\GANVO\Logical\Libraries\sys_lib\sys_lib.fun
A:\as\GANVO\Logical\Libraries\sys_lib\sys_lib.typ
A:\as\GANVO\Logical\Libraries\sys_lib\sys_lib.var
A:\as\GANVO\Logical\Libraries\FileIO\FileIO.fun
A:\as\GANVO\Logical\Libraries\FileIO\FileIO.typ
A:\as\GANVO\Logical\Libraries\FileIO\FileIO.var
A:\as\GANVO\Logical\Libraries\AsArProf\AsArProf.fun
A:\as\GANVO\Logical\Libraries\AsArProf\AsArProf.typ
A:\as\GANVO\Logical\Libraries\AsArProf\AsArProf.var
A:\as\GANVO\Logical\Libraries\AsMem\AsMem.fun
A:\as\GANVO\Logical\Libraries\AsMem\AsMem.typ
A:\as\GANVO\Logical\Libraries\AsMem\AsMem.var
A:\as\GANVO\Logical\Libraries\brsystem\brsystem.fun
A:\as\GANVO\Logical\Libraries\brsystem\brsystem.typ
A:\as\GANVO\Logical\Libraries\brsystem\brsystem.var
A:\as\GANVO\Logical\Libraries\Acp10_MC\acp10_mc.fun
A:\as\GANVO\Logical\Libraries\Acp10_MC\acp10_mc.typ
A:\as\GANVO\Logical\Libraries\Acp10_MC\acp10_mc.var
A:\as\GANVO\Logical\Libraries\AsBrStr\AsBrStr.fun
A:\as\GANVO\Logical\Libraries\AsBrStr\AsBrStr.typ
A:\as\GANVO\Logical\Libraries\AsBrStr\AsBrStr.var
A:\as\GANVO\Logical\Libraries\X64Lib\X64Lib.typ
A:\as\GANVO\Logical\Libraries\X64Lib\X64Lib.var
A:\as\GANVO\Logical\Libraries\X64Lib\X64Lib.fun
A:\as\GANVO\Logical\Libraries\GateCtrl\Types.typ
A:\as\GANVO\Logical\Libraries\GateCtrl\Constants.var
A:\as\GANVO\Logical\Libraries\GateCtrl\GateCtrl.fun
